// Jest Snapshot v1, https://goo.gl/fbAQLP

exports[`GlobalStyles should render properly 1`] = `""`;
