// Jest Snapshot v1, https://goo.gl/fbAQLP

exports[`actions/app setAppOptions should return an action 1`] = `
Object {
  "payload": Object {
    "query": "react",
  },
  "type": "SET_APP_OPTIONS",
}
`;
